// Jest Snapshot v1, https://goo.gl/fbAQLP

exports[`Footer should render correclty 1`] = `[Function]`
