// Jest Snapshot v1, https://goo.gl/fbAQLP

exports[`Header should render correclty 1`] = `[Function]`;
