// Jest Snapshot v1, https://goo.gl/fbAQLP

exports[`<Main /> should render the heading 1`] = `
.c0 {
  background-color: #06092b;
  color: #fff;
  width: 100%;
  height: 100%;
  padding: 3rem;
  display: -webkit-box;
  display: -webkit-flex;
  display: -ms-flexbox;
  display: flex;
  -webkit-flex-direction: column;
  -ms-flex-direction: column;
  flex-direction: column;
  text-align: center;
  -webkit-align-items: center;
  -webkit-box-align: center;
  -ms-flex-align: center;
  align-items: center;
  -webkit-box-pack: center;
  -webkit-justify-content: center;
  -ms-flex-pack: center;
  justify-content: center;
}

.c1 {
  width: 25rem;
  margin-bottom: 2rem;
}

.c2 {
  font-size: 2.5rem;
}

.c3 {
  font-size: 2rem;
  font-weight: 400;
  margin-bottom: 1rem;
}

.c4 {
  margin-top: 3rem;
  width: min(30rem,100%);
}

.c5 {
  width: 300px;
  margin: 5rem auto 0;
  display: -webkit-box;
  display: -webkit-flex;
  display: -ms-flexbox;
  display: flex;
  -webkit-flex-direction: column;
  -ms-flex-direction: column;
  flex-direction: column;
  -webkit-box-pack: center;
  -webkit-justify-content: center;
  -ms-flex-pack: center;
  justify-content: center;
}

.c6 {
  width: 100%;
}

.c7 {
  display: -webkit-box;
  display: -webkit-flex;
  display: -ms-flexbox;
  display: flex;
  -webkit-box-pack: center;
  -webkit-justify-content: center;
  -ms-flex-pack: center;
  justify-content: center;
  -webkit-align-items: center;
  -webkit-box-align: center;
  -ms-flex-align: center;
  align-items: center;
  -webkit-align-self: end;
  -ms-flex-item-align: end;
  align-self: end;
  width: 100%;
  margin-top: 3rem;
  font-size: 2rem;
}

.c8 {
  color: #fff;
}

<main
  class="c0"
>
  <img
    alt="Imagem de um átomo e React Avançado escrito ao lado."
    class="c1"
    src="/img/logo.svg"
  />
  <h1
    class="c2"
  >
    React Avançado
  </h1>
  <h2
    class="c3"
  >
    TypeScript, ReactJs, NextJS e Styled Components
  </h2>
  <img
    class="c4"
    src="/img/hero-illustration.svg"
  />
  <div
    class="c5"
  >
    <h2
      class="c3"
    >
      More about us
    </h2>
    <div
      class="c6"
    >
      <div
        class="slick-slider slick-initialized"
        dir="ltr"
      >
        <button
          class="slick-arrow slick-prev"
          data-role="none"
          style="display: block;"
          type="button"
        >
           
          Previous
        </button>
        <div
          class="slick-list"
        >
          <div
            class="slick-track"
            style="opacity: 1; transform: translate3d(0px, 0px, 0px);"
          >
            <div
              aria-hidden="true"
              class="slick-slide slick-cloned"
              data-index="-1"
              style="width: 0px;"
              tabindex="-1"
            >
              <div>
                <div
                  style="width: 100%; display: inline-block;"
                  tabindex="-1"
                >
                  <img
                    alt="Orange Cars"
                    height="350"
                    src="https://i.redd.it/864sx9p4x3v91.png"
                    width="100%"
                  />
                </div>
              </div>
            </div>
            <div
              aria-hidden="false"
              class="slick-slide slick-active slick-current"
              data-index="0"
              style="outline: none; width: 0px;"
              tabindex="-1"
            >
              <div>
                <div
                  style="width: 100%; display: inline-block;"
                  tabindex="-1"
                >
                  <img
                    alt="Hunting trip"
                    height="350"
                    src="https://i.redd.it/421tpw4mtnu91.png"
                    width="100%"
                  />
                </div>
              </div>
            </div>
            <div
              aria-hidden="true"
              class="slick-slide"
              data-index="1"
              style="outline: none; width: 0px;"
              tabindex="-1"
            >
              <div>
                <div
                  style="width: 100%; display: inline-block;"
                  tabindex="-1"
                >
                  <img
                    alt="Yesterday's sunset on I-84 in CT"
                    height="350"
                    src="https://i.redd.it/8xm7w23xymv91.jpg"
                    width="100%"
                  />
                </div>
              </div>
            </div>
            <div
              aria-hidden="true"
              class="slick-slide"
              data-index="2"
              style="outline: none; width: 0px;"
              tabindex="-1"
            >
              <div>
                <div
                  style="width: 100%; display: inline-block;"
                  tabindex="-1"
                >
                  <img
                    alt="Orange Cars"
                    height="350"
                    src="https://i.redd.it/864sx9p4x3v91.png"
                    width="100%"
                  />
                </div>
              </div>
            </div>
            <div
              aria-hidden="true"
              class="slick-slide slick-cloned"
              data-index="3"
              style="width: 0px;"
              tabindex="-1"
            >
              <div>
                <div
                  style="width: 100%; display: inline-block;"
                  tabindex="-1"
                >
                  <img
                    alt="Hunting trip"
                    height="350"
                    src="https://i.redd.it/421tpw4mtnu91.png"
                    width="100%"
                  />
                </div>
              </div>
            </div>
            <div
              aria-hidden="true"
              class="slick-slide slick-cloned"
              data-index="4"
              style="width: 0px;"
              tabindex="-1"
            >
              <div>
                <div
                  style="width: 100%; display: inline-block;"
                  tabindex="-1"
                >
                  <img
                    alt="Yesterday's sunset on I-84 in CT"
                    height="350"
                    src="https://i.redd.it/8xm7w23xymv91.jpg"
                    width="100%"
                  />
                </div>
              </div>
            </div>
            <div
              aria-hidden="true"
              class="slick-slide slick-cloned"
              data-index="5"
              style="width: 0px;"
              tabindex="-1"
            >
              <div>
                <div
                  style="width: 100%; display: inline-block;"
                  tabindex="-1"
                >
                  <img
                    alt="Orange Cars"
                    height="350"
                    src="https://i.redd.it/864sx9p4x3v91.png"
                    width="100%"
                  />
                </div>
              </div>
            </div>
          </div>
        </div>
        <button
          class="slick-arrow slick-next"
          data-role="none"
          style="display: block;"
          type="button"
        >
           
          Next
        </button>
      </div>
    </div>
  </div>
  <footer
    class="c7"
  >
    <a
      class="c8"
      href="https://github.com/FlavioOdas"
      target="_blank"
      title="My github"
    >
      Github
    </a>
  </footer>
</main>
`
