// Jest Snapshot v1, https://goo.gl/fbAQLP

exports[`ImagesSlider should render the component 1`] = `[Function]`
